Archive member included to satisfy reference by file (symbol)

/srv/gcc-arm-none-eabi-5_4-2016q3/bin/../lib/gcc/arm-none-eabi/5.4.1/armv6-m/libgcc.a(_udivsi3.o)
                              ./code/main.o (__aeabi_uidiv)
/srv/gcc-arm-none-eabi-5_4-2016q3/bin/../lib/gcc/arm-none-eabi/5.4.1/armv6-m/libgcc.a(_dvmd_tls.o)
                              /srv/gcc-arm-none-eabi-5_4-2016q3/bin/../lib/gcc/arm-none-eabi/5.4.1/armv6-m/libgcc.a(_udivsi3.o) (__aeabi_idiv0)

Memory Configuration

Name             Origin             Length             Attributes
ROM              0x00000000         0x00004000         xr
RAM              0x20000000         0x00000100         xrw
*default*        0x00000000         0xffffffff

Linker script and memory map

LOAD ./code/crt.o
LOAD ./code/vectors_designstart.o
LOAD ./code/main.o
START GROUP
LOAD /srv/gcc-arm-none-eabi-5_4-2016q3/bin/../lib/gcc/arm-none-eabi/5.4.1/armv6-m/libgcc.a
LOAD /srv/gcc-arm-none-eabi-5_4-2016q3/bin/../lib/gcc/arm-none-eabi/5.4.1/../../../../arm-none-eabi/lib/armv6-m/libc.a
END GROUP

.text           0x00000000      0xc48
                0x00000000                _stext = .
 CREATE_OBJECT_SYMBOLS
 *(.vectors)
 .vectors       0x00000000       0xc0 ./code/vectors_designstart.o
                0x00000000                gVectors
 *(.text)
 .text          0x000000c0       0x2c ./code/crt.o
                0x000000c0                ResetHandler
 .text          0x000000ec       0x68 ./code/vectors_designstart.o
                0x000000ec                NMI_Handler
                0x000000f0                HardFault_Handler
                0x000000f4                MemManage_Handler
                0x000000f8                BusFault_Handler
                0x000000fc                UsageFault_Handler
                0x00000100                SVC_Handler
                0x00000104                DebugMon_Handler
                0x00000108                PendSV_Handler
                0x0000010c                SysTick_Handler
                0x00000110                WAKEUP_IRQHandler
                0x00000114                C_CAN_IRQHandler
                0x00000118                SSP1_IRQHandler
                0x0000011c                I2C_IRQHandler
                0x00000120                CT16B0_IRQHandler
                0x00000124                CT16B1_IRQHandler
                0x00000128                CT32B0_IRQHandler
                0x0000012c                CT32B1_IRQHandler
                0x00000130                SSP0_IRQHandler
                0x00000134                UART_IRQHandler
                0x00000138                ADC_IRQHandler
                0x0000013c                WDT_IRQHandler
                0x00000140                BOD_IRQHandler
                0x00000144                PIO_3_IRQHandler
                0x00000148                PIO_2_IRQHandler
                0x0000014c                PIO_1_IRQHandler
                0x00000150                PIO_0_IRQHandler
 .text          0x00000154      0x9b8 ./code/main.o
                0x00000154                write_led
                0x0000016c                read_nFork
                0x0000017c                read_nCrank
                0x0000018c                read_fork_cnt
                0x0000019c                read_pedal_cnt
                0x000001ac                read_nMode
                0x000001bc                read_nTrip
                0x000001cc                read_together_button
                0x000001dc                connect_digits
                0x00000254                main
 .text          0x00000b0c      0x114 /srv/gcc-arm-none-eabi-5_4-2016q3/bin/../lib/gcc/arm-none-eabi/5.4.1/armv6-m/libgcc.a(_udivsi3.o)
                0x00000b0c                __udivsi3
                0x00000b0c                __aeabi_uidiv
                0x00000c18                __aeabi_uidivmod
 .text          0x00000c20        0x4 /srv/gcc-arm-none-eabi-5_4-2016q3/bin/../lib/gcc/arm-none-eabi/5.4.1/armv6-m/libgcc.a(_dvmd_tls.o)
                0x00000c20                __aeabi_ldiv0
                0x00000c20                __aeabi_idiv0
 *(.text.*)
                0x00000c24                . = ALIGN (0x4)
 *(.rodata)
 .rodata        0x00000c24       0x24 ./code/main.o
 *(.rodata.*)
                0x00000c48                . = ALIGN (0x4)
                0x00000c48                _etext = .

.glue_7         0x00000c48        0x0
 .glue_7        0x00000c48        0x0 linker stubs

.glue_7t        0x00000c48        0x0
 .glue_7t       0x00000c48        0x0 linker stubs

.vfp11_veneer   0x00000c48        0x0
 .vfp11_veneer  0x00000c48        0x0 linker stubs

.v4_bx          0x00000c48        0x0
 .v4_bx         0x00000c48        0x0 linker stubs

.iplt           0x00000c48        0x0
 .iplt          0x00000c48        0x0 ./code/crt.o

.rel.dyn        0x00000c48        0x0
 .rel.iplt      0x00000c48        0x0 ./code/crt.o

.data           0x00000c48        0xc
                0x00000c48                . = ALIGN (0x4)
                0x00000c48                _sdata = .
 *(.data)
 .data          0x00000c48        0x0 ./code/crt.o
 .data          0x00000c48        0x0 ./code/vectors_designstart.o
 .data          0x00000c48        0xc ./code/main.o
                0x00000c48                BUTTONS_REGS
                0x00000c4c                SENSORS_REGS
                0x00000c50                LED_REGS
 .data          0x00000c54        0x0 /srv/gcc-arm-none-eabi-5_4-2016q3/bin/../lib/gcc/arm-none-eabi/5.4.1/armv6-m/libgcc.a(_udivsi3.o)
 .data          0x00000c54        0x0 /srv/gcc-arm-none-eabi-5_4-2016q3/bin/../lib/gcc/arm-none-eabi/5.4.1/armv6-m/libgcc.a(_dvmd_tls.o)
 *(.data.*)
                0x00000c54                . = ALIGN (0x4)
 *(.fastrun)
 *(.fastrun.*)
                0x00000c54                . = ALIGN (0x4)
                0x00000c54                _edata = .

.igot.plt       0x00000c54        0x0
 .igot.plt      0x00000c54        0x0 ./code/crt.o

.bss            0x20000000        0x0
                0x20000000                . = ALIGN (0x4)
                0x20000000                _sbss = .
 *(.bss)
 .bss           0x20000000        0x0 ./code/crt.o
 .bss           0x20000000        0x0 ./code/vectors_designstart.o
 .bss           0x20000000        0x0 ./code/main.o
 .bss           0x20000000        0x0 /srv/gcc-arm-none-eabi-5_4-2016q3/bin/../lib/gcc/arm-none-eabi/5.4.1/armv6-m/libgcc.a(_udivsi3.o)
 .bss           0x20000000        0x0 /srv/gcc-arm-none-eabi-5_4-2016q3/bin/../lib/gcc/arm-none-eabi/5.4.1/armv6-m/libgcc.a(_dvmd_tls.o)
 *(.bss.*)
                0x20000000                . = ALIGN (0x4)
                0x20000000                _ebss = .
                0x20000100                _estack = (ORIGIN (RAM) + LENGTH (RAM))

/DISCARD/
 *(.ARM.exidx*)
OUTPUT(test_designstart.elf elf32-littlearm)

.debug_info     0x00000000      0x727
 .debug_info    0x00000000       0xcb ./code/crt.o
 .debug_info    0x000000cb      0x297 ./code/vectors_designstart.o
 .debug_info    0x00000362      0x3c5 ./code/main.o

.debug_abbrev   0x00000000      0x20e
 .debug_abbrev  0x00000000       0x7a ./code/crt.o
 .debug_abbrev  0x0000007a       0x82 ./code/vectors_designstart.o
 .debug_abbrev  0x000000fc      0x112 ./code/main.o

.debug_loc      0x00000000       0xa5
 .debug_loc     0x00000000       0x2c ./code/crt.o
 .debug_loc     0x0000002c       0x79 ./code/main.o

.debug_aranges  0x00000000       0x60
 .debug_aranges
                0x00000000       0x20 ./code/crt.o
 .debug_aranges
                0x00000020       0x20 ./code/vectors_designstart.o
 .debug_aranges
                0x00000040       0x20 ./code/main.o

.debug_line     0x00000000      0x387
 .debug_line    0x00000000       0xe1 ./code/crt.o
 .debug_line    0x000000e1       0xe6 ./code/vectors_designstart.o
 .debug_line    0x000001c7      0x1c0 ./code/main.o

.debug_str      0x00000000      0x4c6
 .debug_str     0x00000000      0x154 ./code/crt.o
                                0x191 (size before relaxing)
 .debug_str     0x00000154      0x1e0 ./code/vectors_designstart.o
                                0x2c1 (size before relaxing)
 .debug_str     0x00000334      0x192 ./code/main.o
                                0x32c (size before relaxing)

.comment        0x00000000       0x6e
 .comment       0x00000000       0x6e ./code/crt.o
                                 0x6f (size before relaxing)
 .comment       0x0000006e       0x6f ./code/vectors_designstart.o
 .comment       0x0000006e       0x6f ./code/main.o

.ARM.attributes
                0x00000000       0x31
 .ARM.attributes
                0x00000000       0x31 ./code/crt.o
 .ARM.attributes
                0x00000031       0x31 ./code/vectors_designstart.o
 .ARM.attributes
                0x00000062       0x31 ./code/main.o
 .ARM.attributes
                0x00000093       0x1e /srv/gcc-arm-none-eabi-5_4-2016q3/bin/../lib/gcc/arm-none-eabi/5.4.1/armv6-m/libgcc.a(_udivsi3.o)
 .ARM.attributes
                0x000000b1       0x1e /srv/gcc-arm-none-eabi-5_4-2016q3/bin/../lib/gcc/arm-none-eabi/5.4.1/armv6-m/libgcc.a(_dvmd_tls.o)

.debug_frame    0x00000000      0x2d0
 .debug_frame   0x00000000       0x2c ./code/crt.o
 .debug_frame   0x0000002c      0x1b0 ./code/vectors_designstart.o
 .debug_frame   0x000001dc       0xd4 ./code/main.o
 .debug_frame   0x000002b0       0x20 /srv/gcc-arm-none-eabi-5_4-2016q3/bin/../lib/gcc/arm-none-eabi/5.4.1/armv6-m/libgcc.a(_udivsi3.o)

Cross Reference Table

Symbol                                            File
ADC_IRQHandler                                    ./code/vectors_designstart.o
BOD_IRQHandler                                    ./code/vectors_designstart.o
BUTTONS_REGS                                      ./code/main.o
BusFault_Handler                                  ./code/vectors_designstart.o
CT16B0_IRQHandler                                 ./code/vectors_designstart.o
CT16B1_IRQHandler                                 ./code/vectors_designstart.o
CT32B0_IRQHandler                                 ./code/vectors_designstart.o
CT32B1_IRQHandler                                 ./code/vectors_designstart.o
C_CAN_IRQHandler                                  ./code/vectors_designstart.o
DebugMon_Handler                                  ./code/vectors_designstart.o
HardFault_Handler                                 ./code/vectors_designstart.o
I2C_IRQHandler                                    ./code/vectors_designstart.o
LED_REGS                                          ./code/main.o
MemManage_Handler                                 ./code/vectors_designstart.o
NMI_Handler                                       ./code/vectors_designstart.o
PIO_0_IRQHandler                                  ./code/vectors_designstart.o
PIO_1_IRQHandler                                  ./code/vectors_designstart.o
PIO_2_IRQHandler                                  ./code/vectors_designstart.o
PIO_3_IRQHandler                                  ./code/vectors_designstart.o
PendSV_Handler                                    ./code/vectors_designstart.o
ResetHandler                                      ./code/crt.o
                                                  ./code/vectors_designstart.o
SENSORS_REGS                                      ./code/main.o
SSP0_IRQHandler                                   ./code/vectors_designstart.o
SSP1_IRQHandler                                   ./code/vectors_designstart.o
SVC_Handler                                       ./code/vectors_designstart.o
SysTick_Handler                                   ./code/vectors_designstart.o
UART_IRQHandler                                   ./code/vectors_designstart.o
UsageFault_Handler                                ./code/vectors_designstart.o
WAKEUP_IRQHandler                                 ./code/vectors_designstart.o
WDT_IRQHandler                                    ./code/vectors_designstart.o
__aeabi_idiv0                                     /srv/gcc-arm-none-eabi-5_4-2016q3/bin/../lib/gcc/arm-none-eabi/5.4.1/armv6-m/libgcc.a(_dvmd_tls.o)
                                                  /srv/gcc-arm-none-eabi-5_4-2016q3/bin/../lib/gcc/arm-none-eabi/5.4.1/armv6-m/libgcc.a(_udivsi3.o)
__aeabi_ldiv0                                     /srv/gcc-arm-none-eabi-5_4-2016q3/bin/../lib/gcc/arm-none-eabi/5.4.1/armv6-m/libgcc.a(_dvmd_tls.o)
__aeabi_uidiv                                     /srv/gcc-arm-none-eabi-5_4-2016q3/bin/../lib/gcc/arm-none-eabi/5.4.1/armv6-m/libgcc.a(_udivsi3.o)
                                                  ./code/main.o
__aeabi_uidivmod                                  /srv/gcc-arm-none-eabi-5_4-2016q3/bin/../lib/gcc/arm-none-eabi/5.4.1/armv6-m/libgcc.a(_udivsi3.o)
                                                  ./code/main.o
__udivsi3                                         /srv/gcc-arm-none-eabi-5_4-2016q3/bin/../lib/gcc/arm-none-eabi/5.4.1/armv6-m/libgcc.a(_udivsi3.o)
_ebss                                             ./code/crt.o
_estack                                           ./code/vectors_designstart.o
_sbss                                             ./code/crt.o
connect_digits                                    ./code/main.o
gVectors                                          ./code/vectors_designstart.o
main                                              ./code/main.o
                                                  ./code/crt.o
read_fork_cnt                                     ./code/main.o
read_nCrank                                       ./code/main.o
read_nFork                                        ./code/main.o
read_nMode                                        ./code/main.o
read_nTrip                                        ./code/main.o
read_pedal_cnt                                    ./code/main.o
read_together_button                              ./code/main.o
write_led                                         ./code/main.o
